Watching for file changes with StatReloader
"GET / HTTP/1.1" 200 29740
"GET /static/js/main.js HTTP/1.1" 304 0
"GET /static/images/default-avatar.png HTTP/1.1" 304 0
"GET /static/images/favicon.png HTTP/1.1" 304 0
"GET /static/css/main.css HTTP/1.1" 200 5022
"GET /?page=2 HTTP/1.1" 200 29747
Internal Server Error: /technology/the-future-of-quantum-computing/
Traceback (most recent call last):
  File "C:\Users\USER\Documents\Dev Projects\mypandablog\venv\Lib\site-packages\django\core\handlers\exception.py", line 55, in inner
    response = get_response(request)
  File "C:\Users\USER\Documents\Dev Projects\mypandablog\venv\Lib\site-packages\django\core\handlers\base.py", line 197, in _get_response
    response = wrapped_callback(request, *callback_args, **callback_kwargs)
  File "C:\Users\USER\Documents\Dev Projects\mypandablog\blog\views.py", line 158, in post_detail
    return render(request, 'blog/post_detail.html', context)
  File "C:\Users\USER\Documents\Dev Projects\mypandablog\venv\Lib\site-packages\django\shortcuts.py", line 25, in render
    content = loader.render_to_string(template_name, context, request, using=using)
  File "C:\Users\USER\Documents\Dev Projects\mypandablog\venv\Lib\site-packages\django\template\loader.py", line 61, in render_to_string
    template = get_template(template_name, using=using)
  File "C:\Users\USER\Documents\Dev Projects\mypandablog\venv\Lib\site-packages\django\template\loader.py", line 19, in get_template
    raise TemplateDoesNotExist(template_name, chain=chain)
django.template.exceptions.TemplateDoesNotExist: blog/post_detail.html
"GET /technology/the-future-of-quantum-computing/ HTTP/1.1" 500 106225
Internal Server Error: /technology/the-future-of-quantum-computing/
Traceback (most recent call last):
  File "C:\Users\USER\Documents\Dev Projects\mypandablog\venv\Lib\site-packages\django\core\handlers\exception.py", line 55, in inner
    response = get_response(request)
  File "C:\Users\USER\Documents\Dev Projects\mypandablog\venv\Lib\site-packages\django\core\handlers\base.py", line 197, in _get_response
    response = wrapped_callback(request, *callback_args, **callback_kwargs)
  File "C:\Users\USER\Documents\Dev Projects\mypandablog\blog\views.py", line 158, in post_detail
    return render(request, 'blog/post_detail.html', context)
  File "C:\Users\USER\Documents\Dev Projects\mypandablog\venv\Lib\site-packages\django\shortcuts.py", line 25, in render
    content = loader.render_to_string(template_name, context, request, using=using)
  File "C:\Users\USER\Documents\Dev Projects\mypandablog\venv\Lib\site-packages\django\template\loader.py", line 61, in render_to_string
    template = get_template(template_name, using=using)
  File "C:\Users\USER\Documents\Dev Projects\mypandablog\venv\Lib\site-packages\django\template\loader.py", line 19, in get_template
    raise TemplateDoesNotExist(template_name, chain=chain)
django.template.exceptions.TemplateDoesNotExist: blog/post_detail.html
"GET /technology/the-future-of-quantum-computing/ HTTP/1.1" 500 106362
C:\Users\USER\Documents\Dev Projects\mypandablog\blog\views.py changed, reloading.
Watching for file changes with StatReloader
"GET /technology/the-future-of-quantum-computing/ HTTP/1.1" 200 19275
"GET /technology/the-future-of-quantum-computing/?page=2 HTTP/1.1" 200 19311
"GET / HTTP/1.1" 200 29740
